// Jest Snapshot v1, https://goo.gl/fbAQLP

exports[`Name Contain Name 1`] = `
<h1>
  Hola 
  hola
</h1>
`;
